50x35
**************************************************
**********************    1   ********************
*******************              *****************
*****************                 ****************
***************                     **************
*************                         ************
************                           ***********
************                           ***********
***********                             **********
**********                               *********
**********                               *********
*********                                 ********
********                                   *******
*******                                     ******
******                                       *****
******                                       *****
******                                       *****
******                                       *****
******                                       *****
******                                       *****
*******                                     ******
********                                   *******
*********                                 ********
*********                                 ********
**********                               *********
***********                             **********
***********                             **********
************                           ***********
*************                         ************
**************                       *************
***************                     **************
*****************                 ****************
*******************             ******************
*********************    2   *********************
**************************************************